../Core/Src/main.c:100:6:delay	16	static
../Core/Src/main.c:105:6:HAL_TIM_IC_CaptureCallback	16	static
../Core/Src/main.c:141:6:HCSR04_Read	8	static
../Core/Src/main.c:150:6:catikontrol	8	static
../Core/Src/main.c:155:6:yanginbuzzer	8	static
../Core/Src/main.c:168:6:fankontrol	8	static
../Core/Src/main.c:205:6:agilkapisi	4	static
../Core/Src/main.c:222:6:agilbuzzer	8	static
../Core/Src/main.c:236:6:yemlik	8	static
../Core/Src/main.c:279:5:main	16	static
../Core/Src/main.c:479:6:SystemClock_Config	88	static
../Core/Src/main.c:525:13:MX_I2C1_Init	8	static
../Core/Src/main.c:559:13:MX_SPI1_Init	8	static
../Core/Src/main.c:597:13:MX_TIM1_Init	32	static
../Core/Src/main.c:646:13:MX_TIM2_Init	48	static
../Core/Src/main.c:695:13:MX_TIM3_Init	48	static
../Core/Src/main.c:744:13:MX_USART2_UART_Init	8	static
../Core/Src/main.c:777:13:MX_USART3_UART_Init	8	static
../Core/Src/main.c:810:13:MX_GPIO_Init	56	static
../Core/Src/main.c:966:6:Error_Handler	4	static,ignoring_inline_asm
